2026-03-15T23:00:15.459Z [info] Redis connected 
2026-03-15T23:00:15.464Z [info] Server is running on port 4000 
2026-03-15T23:00:24.512Z [info] Redis connected 
2026-03-15T23:00:24.517Z [info] Server is running on port 4000 
2026-03-15T23:00:37.884Z [info] Redis connected 
2026-03-15T23:00:37.889Z [info] Server is running on port 4000 
2026-03-15T23:00:58.842Z [info] Redis connected 
2026-03-15T23:00:58.847Z [info] Server is running on port 4000 
2026-03-15T23:02:15.675Z [info] Redis connected 
2026-03-15T23:02:15.688Z [info] Server is running on port 4000 
2026-03-15T23:15:43.677Z [error] PrismaClientKnownRequestError: 
Invalid `prisma.post.update()` invocation in
C:\Users\PC\Downloads\Blog\src\repository\implementation\PostRepository.ts:54:27

  51    return prisma.post.findUnique({ where: { id } });
  52 }
  53 update(id: number,data: UpdatePostDto): Promise<Post | null> {
→ 54    return prisma.post.update(
An operation failed because it depends on one or more records that were required but not found. No record was found for an update.
    at ei.handleRequestError (C:\Users\PC\Downloads\Blog\node_modules\@prisma\client\src\runtime\RequestHandler.ts:228:13)
    at ei.handleAndLogRequestError (C:\Users\PC\Downloads\Blog\node_modules\@prisma\client\src\runtime\RequestHandler.ts:174:12)
    at ei.request (C:\Users\PC\Downloads\Blog\node_modules\@prisma\client\src\runtime\RequestHandler.ts:143:12)
    at a (C:\Users\PC\Downloads\Blog\node_modules\@prisma\client\src\runtime\getPrismaClient.ts:833:24)
    at RedisCache.update (C:\Users\PC\Downloads\Blog\src\redisConfig\redisCache.ts:52:23)
    at PostService.update (C:\Users\PC\Downloads\Blog\src\service\PostService.ts:82:18)
    at C:\Users\PC\Downloads\Blog\src\controllers\postController.ts:60:18 {"method":"PUT","path":"/api/posts/1","error":"\nInvalid `prisma.post.update()` invocation in\nC:\\Users\\PC\\Downloads\\Blog\\src\\repository\\implementation\\PostRepository.ts:54:27\n\n  51    return prisma.post.findUnique({ where: { id } });\n  52 }\n  53 update(id: number,data: UpdatePostDto): Promise<Post | null> {\n→ 54    return prisma.post.update(\nAn operation failed because it depends on one or more records that were required but not found. No record was found for an update.","occurredAt":"2026-03-15T23:15:43.676Z"}
2026-03-15T23:16:10.329Z [info] Redis connected 
2026-03-15T23:16:10.333Z [info] Server is running on port 4000 
2026-03-15T23:16:19.150Z [info] Redis connected 
2026-03-15T23:16:19.156Z [info] Server is running on port 4000 
2026-03-15T23:17:13.667Z [info] Redis connected 
2026-03-15T23:17:13.671Z [info] Server is running on port 4000 
2026-03-15T23:17:25.092Z [info] Redis connected 
2026-03-15T23:17:25.096Z [info] Server is running on port 4000 
2026-03-15T23:17:37.037Z [info] Redis connected 
2026-03-15T23:17:37.041Z [info] Server is running on port 4000 
2026-03-15T23:17:43.557Z [info] Redis connected 
2026-03-15T23:17:43.565Z [info] Server is running on port 4000 
2026-03-15T23:18:15.386Z [info] Redis connected 
2026-03-15T23:18:15.390Z [info] Server is running on port 4000 
2026-03-15T23:18:26.136Z [info] Redis connected 
2026-03-15T23:18:26.140Z [info] Server is running on port 4000 
