2026-03-15T22:38:24.319Z [error] AggregateError: 
    at internalConnectMultiple (node:net:1134:18)
    at afterConnectMultiple (node:net:1715:7) 
2026-03-15T22:38:24.549Z [error] AggregateError: 
    at internalConnectMultiple (node:net:1134:18)
    at afterConnectMultiple (node:net:1715:7) 
2026-03-15T22:38:24.729Z [error] AggregateError: 
    at internalConnectMultiple (node:net:1134:18)
    at afterConnectMultiple (node:net:1715:7) 
2026-03-15T22:38:24.953Z [error] AggregateError: 
    at internalConnectMultiple (node:net:1134:18)
    at afterConnectMultiple (node:net:1715:7) 
2026-03-15T22:38:25.502Z [error] AggregateError: 
    at internalConnectMultiple (node:net:1134:18)
    at afterConnectMultiple (node:net:1715:7) 
2026-03-15T22:38:26.490Z [error] AggregateError: 
    at internalConnectMultiple (node:net:1134:18)
    at afterConnectMultiple (node:net:1715:7) 
2026-03-15T22:38:28.195Z [error] AggregateError: 
    at internalConnectMultiple (node:net:1134:18)
    at afterConnectMultiple (node:net:1715:7) 
2026-03-15T22:38:30.311Z [error] AggregateError: 
    at internalConnectMultiple (node:net:1134:18)
    at afterConnectMultiple (node:net:1715:7) 
2026-03-15T22:38:32.399Z [error] AggregateError: 
    at internalConnectMultiple (node:net:1134:18)
    at afterConnectMultiple (node:net:1715:7) 
2026-03-15T22:38:34.461Z [error] AggregateError: 
    at internalConnectMultiple (node:net:1134:18)
    at afterConnectMultiple (node:net:1715:7) 
2026-03-15T22:38:36.643Z [error] AggregateError: 
    at internalConnectMultiple (node:net:1134:18)
    at afterConnectMultiple (node:net:1715:7) 
2026-03-15T22:38:38.761Z [error] AggregateError: 
    at internalConnectMultiple (node:net:1134:18)
    at afterConnectMultiple (node:net:1715:7) 
2026-03-15T22:38:40.868Z [error] AggregateError: 
    at internalConnectMultiple (node:net:1134:18)
    at afterConnectMultiple (node:net:1715:7) 
2026-03-15T22:38:42.967Z [error] AggregateError: 
    at internalConnectMultiple (node:net:1134:18)
    at afterConnectMultiple (node:net:1715:7) 
2026-03-15T22:38:45.127Z [error] AggregateError: 
    at internalConnectMultiple (node:net:1134:18)
    at afterConnectMultiple (node:net:1715:7) 
2026-03-15T22:38:47.241Z [error] AggregateError: 
    at internalConnectMultiple (node:net:1134:18)
    at afterConnectMultiple (node:net:1715:7) 
2026-03-15T22:38:49.329Z [error] AggregateError: 
    at internalConnectMultiple (node:net:1134:18)
    at afterConnectMultiple (node:net:1715:7) 
2026-03-15T22:38:51.505Z [error] AggregateError: 
    at internalConnectMultiple (node:net:1134:18)
    at afterConnectMultiple (node:net:1715:7) 
2026-03-15T22:38:53.694Z [error] AggregateError: 
    at internalConnectMultiple (node:net:1134:18)
    at afterConnectMultiple (node:net:1715:7) 
2026-03-15T22:38:55.792Z [error] AggregateError: 
    at internalConnectMultiple (node:net:1134:18)
    at afterConnectMultiple (node:net:1715:7) 
2026-03-15T22:38:57.872Z [error] AggregateError: 
    at internalConnectMultiple (node:net:1134:18)
    at afterConnectMultiple (node:net:1715:7) 
2026-03-15T22:39:00.053Z [error] AggregateError: 
    at internalConnectMultiple (node:net:1134:18)
    at afterConnectMultiple (node:net:1715:7) 
2026-03-15T22:39:02.135Z [error] AggregateError: 
    at internalConnectMultiple (node:net:1134:18)
    at afterConnectMultiple (node:net:1715:7) 
2026-03-15T22:39:04.315Z [error] AggregateError: 
    at internalConnectMultiple (node:net:1134:18)
    at afterConnectMultiple (node:net:1715:7) 
2026-03-15T22:39:06.522Z [error] AggregateError: 
    at internalConnectMultiple (node:net:1134:18)
    at afterConnectMultiple (node:net:1715:7) 
2026-03-15T22:39:08.665Z [error] AggregateError: 
    at internalConnectMultiple (node:net:1134:18)
    at afterConnectMultiple (node:net:1715:7) 
2026-03-15T22:39:10.845Z [error] AggregateError: 
    at internalConnectMultiple (node:net:1134:18)
    at afterConnectMultiple (node:net:1715:7) 
2026-03-15T22:39:12.947Z [error] AggregateError: 
    at internalConnectMultiple (node:net:1134:18)
    at afterConnectMultiple (node:net:1715:7) 
2026-03-15T22:39:15.064Z [error] AggregateError: 
    at internalConnectMultiple (node:net:1134:18)
    at afterConnectMultiple (node:net:1715:7) 
2026-03-15T22:39:17.230Z [error] AggregateError: 
    at internalConnectMultiple (node:net:1134:18)
    at afterConnectMultiple (node:net:1715:7) 
2026-03-15T22:39:19.313Z [error] AggregateError: 
    at internalConnectMultiple (node:net:1134:18)
    at afterConnectMultiple (node:net:1715:7) 
2026-03-15T22:39:21.333Z [error] AggregateError: 
    at internalConnectMultiple (node:net:1134:18)
    at afterConnectMultiple (node:net:1715:7) 
2026-03-15T22:39:23.406Z [error] AggregateError: 
    at internalConnectMultiple (node:net:1134:18)
    at afterConnectMultiple (node:net:1715:7) 
2026-03-15T22:39:25.490Z [error] AggregateError: 
    at internalConnectMultiple (node:net:1134:18)
    at afterConnectMultiple (node:net:1715:7) 
2026-03-15T22:39:27.689Z [error] AggregateError: 
    at internalConnectMultiple (node:net:1134:18)
    at afterConnectMultiple (node:net:1715:7) 
2026-03-15T22:40:50.398Z [error] AggregateError: 
    at internalConnectMultiple (node:net:1134:18)
    at afterConnectMultiple (node:net:1715:7) 
2026-03-15T22:40:50.408Z [warn] Redis reconnecting 
2026-03-15T22:40:50.411Z [error] AggregateError: 
    at internalConnectMultiple (node:net:1134:18)
    at afterConnectMultiple (node:net:1715:7) 
2026-03-15T22:40:50.676Z [warn] Redis reconnecting 
2026-03-15T22:40:50.681Z [error] AggregateError: 
    at internalConnectMultiple (node:net:1134:18)
    at afterConnectMultiple (node:net:1715:7) 
2026-03-15T22:40:51.192Z [warn] Redis reconnecting 
2026-03-15T22:40:51.196Z [error] AggregateError: 
    at internalConnectMultiple (node:net:1134:18)
    at afterConnectMultiple (node:net:1715:7) 
2026-03-15T22:40:51.959Z [warn] Redis reconnecting 
2026-03-15T22:40:51.964Z [error] AggregateError: 
    at internalConnectMultiple (node:net:1134:18)
    at afterConnectMultiple (node:net:1715:7) 
2026-03-15T22:40:52.974Z [warn] Redis reconnecting 
2026-03-15T22:40:52.979Z [error] AggregateError: 
    at internalConnectMultiple (node:net:1134:18)
    at afterConnectMultiple (node:net:1715:7) 
2026-03-15T22:40:52.980Z [warn] AggregateError: 
    at internalConnectMultiple (node:net:1134:18)
    at afterConnectMultiple (node:net:1715:7) 
2026-03-15T22:40:52.981Z [info] Server is running on port 4000 
2026-03-15T22:52:12.384Z [info] Redis connected 
2026-03-15T22:52:12.389Z [info] Server is running on port 4000 
2026-03-15T22:55:18.108Z [error] PrismaClientKnownRequestError: 
Invalid `prisma.post.update()` invocation in
C:\Users\PC\Downloads\Blog\src\repository\implementation\PostRepository.ts:54:27

  51    return prisma.post.findUnique({ where: { id } });
  52 }
  53 update(id: number,data: UpdatePostDto): Promise<Post | null> {
→ 54    return prisma.post.update(
An operation failed because it depends on one or more records that were required but not found. No record was found for an update.
    at ei.handleRequestError (C:\Users\PC\Downloads\Blog\node_modules\@prisma\client\src\runtime\RequestHandler.ts:228:13)
    at ei.handleAndLogRequestError (C:\Users\PC\Downloads\Blog\node_modules\@prisma\client\src\runtime\RequestHandler.ts:174:12)
    at ei.request (C:\Users\PC\Downloads\Blog\node_modules\@prisma\client\src\runtime\RequestHandler.ts:143:12)
    at a (C:\Users\PC\Downloads\Blog\node_modules\@prisma\client\src\runtime\getPrismaClient.ts:833:24)
    at RedisCache.update (C:\Users\PC\Downloads\Blog\src\redisConfig\redisCache.ts:52:23)
    at PostService.update (C:\Users\PC\Downloads\Blog\src\service\PostService.ts:82:18)
    at C:\Users\PC\Downloads\Blog\src\controllers\postController.ts:60:18 {"method":"PUT","path":"/api/posts/1","error":"\nInvalid `prisma.post.update()` invocation in\nC:\\Users\\PC\\Downloads\\Blog\\src\\repository\\implementation\\PostRepository.ts:54:27\n\n  51    return prisma.post.findUnique({ where: { id } });\n  52 }\n  53 update(id: number,data: UpdatePostDto): Promise<Post | null> {\n→ 54    return prisma.post.update(\nAn operation failed because it depends on one or more records that were required but not found. No record was found for an update.","occurredAt":"2026-03-15T22:55:18.107Z"}
2026-03-15T22:56:09.521Z [error] PrismaClientKnownRequestError: 
Invalid `prisma.post.update()` invocation in
C:\Users\PC\Downloads\Blog\src\repository\implementation\PostRepository.ts:54:27

  51    return prisma.post.findUnique({ where: { id } });
  52 }
  53 update(id: number,data: UpdatePostDto): Promise<Post | null> {
→ 54    return prisma.post.update(
An operation failed because it depends on one or more records that were required but not found. No record was found for an update.
    at ei.handleRequestError (C:\Users\PC\Downloads\Blog\node_modules\@prisma\client\src\runtime\RequestHandler.ts:228:13)
    at ei.handleAndLogRequestError (C:\Users\PC\Downloads\Blog\node_modules\@prisma\client\src\runtime\RequestHandler.ts:174:12)
    at ei.request (C:\Users\PC\Downloads\Blog\node_modules\@prisma\client\src\runtime\RequestHandler.ts:143:12)
    at a (C:\Users\PC\Downloads\Blog\node_modules\@prisma\client\src\runtime\getPrismaClient.ts:833:24)
    at RedisCache.update (C:\Users\PC\Downloads\Blog\src\redisConfig\redisCache.ts:52:23)
    at PostService.update (C:\Users\PC\Downloads\Blog\src\service\PostService.ts:82:18)
    at C:\Users\PC\Downloads\Blog\src\controllers\postController.ts:60:18 {"method":"PUT","path":"/api/posts/1","error":"\nInvalid `prisma.post.update()` invocation in\nC:\\Users\\PC\\Downloads\\Blog\\src\\repository\\implementation\\PostRepository.ts:54:27\n\n  51    return prisma.post.findUnique({ where: { id } });\n  52 }\n  53 update(id: number,data: UpdatePostDto): Promise<Post | null> {\n→ 54    return prisma.post.update(\nAn operation failed because it depends on one or more records that were required but not found. No record was found for an update.","occurredAt":"2026-03-15T22:56:09.520Z"}
2026-03-15T22:56:59.688Z [error] PrismaClientKnownRequestError: 
Invalid `prisma.post.update()` invocation in
C:\Users\PC\Downloads\Blog\src\repository\implementation\PostRepository.ts:54:27

  51    return prisma.post.findUnique({ where: { id } });
  52 }
  53 update(id: number,data: UpdatePostDto): Promise<Post | null> {
→ 54    return prisma.post.update(
An operation failed because it depends on one or more records that were required but not found. No record was found for an update.
    at ei.handleRequestError (C:\Users\PC\Downloads\Blog\node_modules\@prisma\client\src\runtime\RequestHandler.ts:228:13)
    at ei.handleAndLogRequestError (C:\Users\PC\Downloads\Blog\node_modules\@prisma\client\src\runtime\RequestHandler.ts:174:12)
    at ei.request (C:\Users\PC\Downloads\Blog\node_modules\@prisma\client\src\runtime\RequestHandler.ts:143:12)
    at a (C:\Users\PC\Downloads\Blog\node_modules\@prisma\client\src\runtime\getPrismaClient.ts:833:24)
    at RedisCache.update (C:\Users\PC\Downloads\Blog\src\redisConfig\redisCache.ts:52:23)
    at PostService.update (C:\Users\PC\Downloads\Blog\src\service\PostService.ts:82:18)
    at C:\Users\PC\Downloads\Blog\src\controllers\postController.ts:60:18 {"method":"PUT","path":"/api/posts/1","error":"\nInvalid `prisma.post.update()` invocation in\nC:\\Users\\PC\\Downloads\\Blog\\src\\repository\\implementation\\PostRepository.ts:54:27\n\n  51    return prisma.post.findUnique({ where: { id } });\n  52 }\n  53 update(id: number,data: UpdatePostDto): Promise<Post | null> {\n→ 54    return prisma.post.update(\nAn operation failed because it depends on one or more records that were required but not found. No record was found for an update.","occurredAt":"2026-03-15T22:56:59.686Z"}
